14:16:41 **** Incremental Build of configuration Debug for project stop_watch_project ****
make -j12 all 
arm-none-eabi-gcc "../Core/Src/main.c" -mcpu=cortex-m4 -std=gnu11 -g3 -DDEBUG -DUSE_HAL_DRIVER -DSTM32L432xx -c -I../Core/Inc -I../Drivers/STM32L4xx_HAL_Driver/Inc -I../Drivers/STM32L4xx_HAL_Driver/Inc/Legacy -I../Drivers/CMSIS/Device/ST/STM32L4xx/Include -I../Drivers/CMSIS/Include -O0 -ffunction-sections -fdata-sections -Wall -fstack-usage -fcyclomatic-complexity -MMD -MP -MF"Core/Src/main.d" -MT"Core/Src/main.o" --specs=nano.specs -mfpu=fpv4-sp-d16 -mfloat-abi=hard -mthumb -o "Core/Src/main.o"
arm-none-eabi-gcc -o "stop_watch_project.elf" @"objects.list"   -mcpu=cortex-m4 -T"/home/aneesh/Desktop/stop_watch_LCD/cubeIDE_stopWatchLCD/stop_watch_project/STM32L432KCUX_FLASH.ld" --specs=nosys.specs -Wl,-Map="stop_watch_project.map" -Wl,--gc-sections -static --specs=nano.specs -mfpu=fpv4-sp-d16 -mfloat-abi=hard -mthumb -Wl,--start-group -lc -lm -Wl,--end-group
Finished building target: stop_watch_project.elf
 
arm-none-eabi-size  stop_watch_project.elf 
arm-none-eabi-objdump -h -S stop_watch_project.elf  > "stop_watch_project.list"
   text	   data	    bss	    dec	    hex	filename
  11260	     20	   1708	  12988	   32bc	stop_watch_project.elf
Finished building: default.size.stdout
 
Finished building: stop_watch_project.list
 
14:17:08 **** Incremental Build of configuration Debug for project stop_watch_project ****
make -j12 all 
arm-none-eabi-size  stop_watch_project.elf 
   text	   data	    bss	    dec	    hex	filename
  11260	     20	   1708	  12988	   32bc	stop_watch_project.elf
Finished building: default.size.stdout
 
